
C:\Users\Ly\Dropbox\SPRING16\CS157B\proj1>set echo=on 

C:\Users\Ly\Dropbox\SPRING16\CS157B\proj1>rem TEST1.BAT - test driver for CS167B project 

C:\Users\Ly\Dropbox\SPRING16\CS157B\proj1>rem Compile your code 

C:\Users\Ly\Dropbox\SPRING16\CS157B\proj1>cl db.cpp 
db.cpp
Microsoft (R) Incremental Linker Version 14.00.23918.0
Copyright (C) Microsoft Corporation.  All rights reserved.

/out:db.exe 
db.obj 

C:\Users\Ly\Dropbox\SPRING16\CS157B\proj1>rem Project Part 3 test batch file 

C:\Users\Ly\Dropbox\SPRING16\CS157B\proj1>rem

C:\Users\Ly\Dropbox\SPRING16\CS157B\proj1>rem cleanup 

C:\Users\Ly\Dropbox\SPRING16\CS157B\proj1>rem

C:\Users\Ly\Dropbox\SPRING16\CS157B\proj1>del dbfile.bin 

C:\Users\Ly\Dropbox\SPRING16\CS157B\proj1>del db.lo* 

C:\Users\Ly\Dropbox\SPRING16\CS157B\proj1>del *.log 

C:\Users\Ly\Dropbox\SPRING16\CS157B\proj1>del *.tab 

C:\Users\Ly\Dropbox\SPRING16\CS157B\proj1>del *.obj 

C:\Users\Ly\Dropbox\SPRING16\CS157B\proj1>del *.pdb 

C:\Users\Ly\Dropbox\SPRING16\CS157B\proj1>del *.ilk 

C:\Users\Ly\Dropbox\SPRING16\CS157B\proj1>del first 

C:\Users\Ly\Dropbox\SPRING16\CS157B\proj1>del second 

C:\Users\Ly\Dropbox\SPRING16\CS157B\proj1>del third 

C:\Users\Ly\Dropbox\SPRING16\CS157B\proj1>rem

C:\Users\Ly\Dropbox\SPRING16\CS157B\proj1>rem 01. Setup and inserts 

C:\Users\Ly\Dropbox\SPRING16\CS157B\proj1>rem

C:\Users\Ly\Dropbox\SPRING16\CS157B\proj1>db "create table tab1(name char(16), quizzes int, midterm int, final int)" 
CREATE TABLE statement
tab1.tab successfully created.

C:\Users\Ly\Dropbox\SPRING16\CS157B\proj1>db "create table tab2(college char(20), zipcode char(5), rank int)" 
dbfile.bin size = 192
CREATE TABLE statement
tab2.tab successfully created.

C:\Users\Ly\Dropbox\SPRING16\CS157B\proj1>db "insert into tab1 values('Siu', 11, 80, 560)" 
dbfile.bin size = 336
INSERT statement
tab1.tab new size = 56

C:\Users\Ly\Dropbox\SPRING16\CS157B\proj1>db "insert into tab1 values('Frank', 22, 100, 700)" 
dbfile.bin size = 336
INSERT statement
tab1.tab new size = 88

C:\Users\Ly\Dropbox\SPRING16\CS157B\proj1>db "insert into tab1 values('Jordon', 33, 75, 525)" 
dbfile.bin size = 336
INSERT statement
tab1.tab new size = 120

C:\Users\Ly\Dropbox\SPRING16\CS157B\proj1>db "insert into tab2 values('UCLA', '11111', 3)" 
dbfile.bin size = 336
INSERT statement
tab2.tab new size = 56

C:\Users\Ly\Dropbox\SPRING16\CS157B\proj1>db "insert into tab2 values('SJSU', '22222', 10)" 
dbfile.bin size = 336
INSERT statement
tab2.tab new size = 88

C:\Users\Ly\Dropbox\SPRING16\CS157B\proj1>db "insert into tab2 values('Stanford', '33333', 2)" 
dbfile.bin size = 336
INSERT statement
tab2.tab new size = 120

C:\Users\Ly\Dropbox\SPRING16\CS157B\proj1>db "select * from tab1" 
dbfile.bin size = 336
SELECT statement
+----------------+-----------+-----------+-----------+
|name            |quizzes    |midterm    |final      |
+----------------+-----------+-----------+-----------+
|Siu             |         11|         80|        560|
|Frank           |         22|        100|        700|
|Jordon          |         33|         75|        525|
+----------------+-----------+-----------+-----------+
3 row(s) selected.

C:\Users\Ly\Dropbox\SPRING16\CS157B\proj1>db "select * from tab2" 
dbfile.bin size = 336
SELECT statement
+--------------------+-------+-----------+
|college             |zipcode|rank       |
+--------------------+-------+-----------+
|UCLA                |11111  |          3|
|SJSU                |22222  |         10|
|Stanford            |33333  |          2|
+--------------------+-------+-----------+
3 row(s) selected.

C:\Users\Ly\Dropbox\SPRING16\CS157B\proj1>rem

C:\Users\Ly\Dropbox\SPRING16\CS157B\proj1>rem Check transaction log 

C:\Users\Ly\Dropbox\SPRING16\CS157B\proj1>rem

C:\Users\Ly\Dropbox\SPRING16\CS157B\proj1>type db.log 
20160516003704 "create table tab1(name char(16), quizzes int, midterm int, final int)"
20160516003704 "create table tab2(college char(20), zipcode char(5), rank int)"
20160516003704 "insert into tab1 values('Siu', 11, 80, 560)"
20160516003704 "insert into tab1 values('Frank', 22, 100, 700)"
20160516003704 "insert into tab1 values('Jordon', 33, 75, 525)"
20160516003704 "insert into tab2 values('UCLA', '11111', 3)"
20160516003704 "insert into tab2 values('SJSU', '22222', 10)"
20160516003704 "insert into tab2 values('Stanford', '33333', 2)"

C:\Users\Ly\Dropbox\SPRING16\CS157B\proj1>rem

C:\Users\Ly\Dropbox\SPRING16\CS157B\proj1>rem 02. Take backup, check image size and db.log 

C:\Users\Ly\Dropbox\SPRING16\CS157B\proj1>rem

C:\Users\Ly\Dropbox\SPRING16\CS157B\proj1>db "backup to first" 
dbfile.bin size = 336
BACKUP TO statement
2 table(s) backed up.

C:\Users\Ly\Dropbox\SPRING16\CS157B\proj1>rem

C:\Users\Ly\Dropbox\SPRING16\CS157B\proj1>rem **Size** first=584; dbfile.bin=336; tab1=120 (3 rows); tab2=120 (3 rows) 

C:\Users\Ly\Dropbox\SPRING16\CS157B\proj1>dir first dbfile.bin *.tab 
 Volume in drive C is OS
 Volume Serial Number is 0818-9F60

 Directory of C:\Users\Ly\Dropbox\SPRING16\CS157B\proj1

05/16/2016  12:37 AM               584 first

 Directory of C:\Users\Ly\Dropbox\SPRING16\CS157B\proj1

05/16/2016  12:37 AM               336 dbfile.bin

 Directory of C:\Users\Ly\Dropbox\SPRING16\CS157B\proj1

05/16/2016  12:37 AM               120 tab1.tab
05/16/2016  12:37 AM               120 tab2.tab
               4 File(s)          1,160 bytes
               0 Dir(s)  367,438,254,080 bytes free

C:\Users\Ly\Dropbox\SPRING16\CS157B\proj1>type db.log 
20160516003704 "create table tab1(name char(16), quizzes int, midterm int, final int)"
20160516003704 "create table tab2(college char(20), zipcode char(5), rank int)"
20160516003704 "insert into tab1 values('Siu', 11, 80, 560)"
20160516003704 "insert into tab1 values('Frank', 22, 100, 700)"
20160516003704 "insert into tab1 values('Jordon', 33, 75, 525)"
20160516003704 "insert into tab2 values('UCLA', '11111', 3)"
20160516003704 "insert into tab2 values('SJSU', '22222', 10)"
20160516003704 "insert into tab2 values('Stanford', '33333', 2)"
BACKUP first

C:\Users\Ly\Dropbox\SPRING16\CS157B\proj1>rem

C:\Users\Ly\Dropbox\SPRING16\CS157B\proj1>rem 03. Do more I/U/D 

C:\Users\Ly\Dropbox\SPRING16\CS157B\proj1>rem

C:\Users\Ly\Dropbox\SPRING16\CS157B\proj1>db "insert into tab1 values('Jeff', 44, 60, 515)" 
dbfile.bin size = 336
INSERT statement
tab1.tab new size = 152

C:\Users\Ly\Dropbox\SPRING16\CS157B\proj1>db "insert into tab2 values('UC Berkley', '44444', 1)" 
dbfile.bin size = 336
INSERT statement
tab2.tab new size = 152

C:\Users\Ly\Dropbox\SPRING16\CS157B\proj1>echo Wait a few seconds 
Wait a few seconds

C:\Users\Ly\Dropbox\SPRING16\CS157B\proj1>pause
Press any key to continue . . . 

C:\Users\Ly\Dropbox\SPRING16\CS157B\proj1>db "insert into tab1 values('Ying', 55, 85, 625)" 
dbfile.bin size = 336
INSERT statement
tab1.tab new size = 184

C:\Users\Ly\Dropbox\SPRING16\CS157B\proj1>db "insert into tab2 values('USC', '55555', 4)" 
dbfile.bin size = 336
INSERT statement
tab2.tab new size = 184

C:\Users\Ly\Dropbox\SPRING16\CS157B\proj1>db "delete from tab2 where college = 'UCLA'" 
dbfile.bin size = 336
DELETE FROM statement
1 row(s) deleted.

C:\Users\Ly\Dropbox\SPRING16\CS157B\proj1>echo Wait a few seconds 
Wait a few seconds

C:\Users\Ly\Dropbox\SPRING16\CS157B\proj1>pause
Press any key to continue . . . 

C:\Users\Ly\Dropbox\SPRING16\CS157B\proj1>db "delete from tab2 where college = 'SJSU'" 
dbfile.bin size = 336
DELETE FROM statement
1 row(s) deleted.

C:\Users\Ly\Dropbox\SPRING16\CS157B\proj1>db "update tab1 set final = 999 where name = 'Siu'" 
dbfile.bin size = 336
UPDATE TABLE statement
1 row(s) affected.

C:\Users\Ly\Dropbox\SPRING16\CS157B\proj1>db "select * from tab1" 
dbfile.bin size = 336
SELECT statement
+----------------+-----------+-----------+-----------+
|name            |quizzes    |midterm    |final      |
+----------------+-----------+-----------+-----------+
|Siu             |         11|         80|        999|
|Frank           |         22|        100|        700|
|Jordon          |         33|         75|        525|
|Jeff            |         44|         60|        515|
|Ying            |         55|         85|        625|
+----------------+-----------+-----------+-----------+
5 row(s) selected.

C:\Users\Ly\Dropbox\SPRING16\CS157B\proj1>db "select * from tab2" 
dbfile.bin size = 336
SELECT statement
+--------------------+-------+-----------+
|college             |zipcode|rank       |
+--------------------+-------+-----------+
|USC                 |55555  |          4|
|UC Berkley          |44444  |          1|
|Stanford            |33333  |          2|
+--------------------+-------+-----------+
3 row(s) selected.

C:\Users\Ly\Dropbox\SPRING16\CS157B\proj1>type db.log 
20160516003704 "create table tab1(name char(16), quizzes int, midterm int, final int)"
20160516003704 "create table tab2(college char(20), zipcode char(5), rank int)"
20160516003704 "insert into tab1 values('Siu', 11, 80, 560)"
20160516003704 "insert into tab1 values('Frank', 22, 100, 700)"
20160516003704 "insert into tab1 values('Jordon', 33, 75, 525)"
20160516003704 "insert into tab2 values('UCLA', '11111', 3)"
20160516003704 "insert into tab2 values('SJSU', '22222', 10)"
20160516003704 "insert into tab2 values('Stanford', '33333', 2)"
BACKUP first
20160516003704 "insert into tab1 values('Jeff', 44, 60, 515)"
20160516003704 "insert into tab2 values('UC Berkley', '44444', 1)"
20160516003705 "insert into tab1 values('Ying', 55, 85, 625)"
20160516003705 "insert into tab2 values('USC', '55555', 4)"
20160516003705 "delete from tab2 where college = 'UCLA'"
20160516003706 "delete from tab2 where college = 'SJSU'"
20160516003706 "update tab1 set final = 999 where name = 'Siu'"

C:\Users\Ly\Dropbox\SPRING16\CS157B\proj1>rem

C:\Users\Ly\Dropbox\SPRING16\CS157B\proj1>rem 04. Take 2nd backup, check image size and db.log 

C:\Users\Ly\Dropbox\SPRING16\CS157B\proj1>rem

C:\Users\Ly\Dropbox\SPRING16\CS157B\proj1>db "backup to second" 
dbfile.bin size = 336
BACKUP TO statement
2 table(s) backed up.

C:\Users\Ly\Dropbox\SPRING16\CS157B\proj1>rem

C:\Users\Ly\Dropbox\SPRING16\CS157B\proj1>rem **Size** first=648; dbfile.bin=336; tab1=184 (5 rows); tab2=120 (3 rows) 

C:\Users\Ly\Dropbox\SPRING16\CS157B\proj1>dir second dbfile.bin *.tab 
 Volume in drive C is OS
 Volume Serial Number is 0818-9F60

 Directory of C:\Users\Ly\Dropbox\SPRING16\CS157B\proj1

05/16/2016  12:37 AM               648 second

 Directory of C:\Users\Ly\Dropbox\SPRING16\CS157B\proj1

05/16/2016  12:37 AM               336 dbfile.bin

 Directory of C:\Users\Ly\Dropbox\SPRING16\CS157B\proj1

05/16/2016  12:37 AM               184 tab1.tab
05/16/2016  12:37 AM               120 tab2.tab
               4 File(s)          1,288 bytes
               0 Dir(s)  367,438,245,888 bytes free

C:\Users\Ly\Dropbox\SPRING16\CS157B\proj1>type db.log 
20160516003704 "create table tab1(name char(16), quizzes int, midterm int, final int)"
20160516003704 "create table tab2(college char(20), zipcode char(5), rank int)"
20160516003704 "insert into tab1 values('Siu', 11, 80, 560)"
20160516003704 "insert into tab1 values('Frank', 22, 100, 700)"
20160516003704 "insert into tab1 values('Jordon', 33, 75, 525)"
20160516003704 "insert into tab2 values('UCLA', '11111', 3)"
20160516003704 "insert into tab2 values('SJSU', '22222', 10)"
20160516003704 "insert into tab2 values('Stanford', '33333', 2)"
BACKUP first
20160516003704 "insert into tab1 values('Jeff', 44, 60, 515)"
20160516003704 "insert into tab2 values('UC Berkley', '44444', 1)"
20160516003705 "insert into tab1 values('Ying', 55, 85, 625)"
20160516003705 "insert into tab2 values('USC', '55555', 4)"
20160516003705 "delete from tab2 where college = 'UCLA'"
20160516003706 "delete from tab2 where college = 'SJSU'"
20160516003706 "update tab1 set final = 999 where name = 'Siu'"
BACKUP second

C:\Users\Ly\Dropbox\SPRING16\CS157B\proj1>rem

C:\Users\Ly\Dropbox\SPRING16\CS157B\proj1>rem 05. drop tab2, restore from second, check tab2 and RF_START in log 

C:\Users\Ly\Dropbox\SPRING16\CS157B\proj1>rem

C:\Users\Ly\Dropbox\SPRING16\CS157B\proj1>db "drop table tab2" 
dbfile.bin size = 336
DROP TABLE statement
DROP TABLE tab2 successful

C:\Users\Ly\Dropbox\SPRING16\CS157B\proj1>dir tab2.tab 
 Volume in drive C is OS
 Volume Serial Number is 0818-9F60

 Directory of C:\Users\Ly\Dropbox\SPRING16\CS157B\proj1


C:\Users\Ly\Dropbox\SPRING16\CS157B\proj1>db "restore from second" 
dbfile.bin size = 192
RESTORE FROM statement
2 table(s) restored.

C:\Users\Ly\Dropbox\SPRING16\CS157B\proj1>dir tab2.tab 
 Volume in drive C is OS
 Volume Serial Number is 0818-9F60

 Directory of C:\Users\Ly\Dropbox\SPRING16\CS157B\proj1

05/16/2016  12:37 AM               120 tab2.tab
               1 File(s)            120 bytes
               0 Dir(s)  367,438,245,888 bytes free

C:\Users\Ly\Dropbox\SPRING16\CS157B\proj1>rem THIS SHOULD FAIL because it should be RF Pending 

C:\Users\Ly\Dropbox\SPRING16\CS157B\proj1>db "create table tab3(c1 int)" 
dbfile.bin size = 336
ERROR: RF pending

C:\Users\Ly\Dropbox\SPRING16\CS157B\proj1>type db.log 
20160516003704 "create table tab1(name char(16), quizzes int, midterm int, final int)"
20160516003704 "create table tab2(college char(20), zipcode char(5), rank int)"
20160516003704 "insert into tab1 values('Siu', 11, 80, 560)"
20160516003704 "insert into tab1 values('Frank', 22, 100, 700)"
20160516003704 "insert into tab1 values('Jordon', 33, 75, 525)"
20160516003704 "insert into tab2 values('UCLA', '11111', 3)"
20160516003704 "insert into tab2 values('SJSU', '22222', 10)"
20160516003704 "insert into tab2 values('Stanford', '33333', 2)"
BACKUP first
20160516003704 "insert into tab1 values('Jeff', 44, 60, 515)"
20160516003704 "insert into tab2 values('UC Berkley', '44444', 1)"
20160516003705 "insert into tab1 values('Ying', 55, 85, 625)"
20160516003705 "insert into tab2 values('USC', '55555', 4)"
20160516003705 "delete from tab2 where college = 'UCLA'"
20160516003706 "delete from tab2 where college = 'SJSU'"
20160516003706 "update tab1 set final = 999 where name = 'Siu'"
BACKUP second
RF_START
20160516003706 "drop table tab2"

C:\Users\Ly\Dropbox\SPRING16\CS157B\proj1>rem

C:\Users\Ly\Dropbox\SPRING16\CS157B\proj1>rem 06. Do rollforward, tab2 should be dropped again and RF_START is removed 

C:\Users\Ly\Dropbox\SPRING16\CS157B\proj1>rem

C:\Users\Ly\Dropbox\SPRING16\CS157B\proj1>db "rollforward" 
dbfile.bin size = 336
ROLLFORWARD statement
DROP TABLE statement
DROP TABLE tab2 successful
1 query/queries executed.

C:\Users\Ly\Dropbox\SPRING16\CS157B\proj1>dir tab2.tab 
 Volume in drive C is OS
 Volume Serial Number is 0818-9F60

 Directory of C:\Users\Ly\Dropbox\SPRING16\CS157B\proj1


C:\Users\Ly\Dropbox\SPRING16\CS157B\proj1>type db.log 
20160516003704 "create table tab1(name char(16), quizzes int, midterm int, final int)"
20160516003704 "create table tab2(college char(20), zipcode char(5), rank int)"
20160516003704 "insert into tab1 values('Siu', 11, 80, 560)"
20160516003704 "insert into tab1 values('Frank', 22, 100, 700)"
20160516003704 "insert into tab1 values('Jordon', 33, 75, 525)"
20160516003704 "insert into tab2 values('UCLA', '11111', 3)"
20160516003704 "insert into tab2 values('SJSU', '22222', 10)"
20160516003704 "insert into tab2 values('Stanford', '33333', 2)"
BACKUP first
20160516003704 "insert into tab1 values('Jeff', 44, 60, 515)"
20160516003704 "insert into tab2 values('UC Berkley', '44444', 1)"
20160516003705 "insert into tab1 values('Ying', 55, 85, 625)"
20160516003705 "insert into tab2 values('USC', '55555', 4)"
20160516003705 "delete from tab2 where college = 'UCLA'"
20160516003706 "delete from tab2 where college = 'SJSU'"
20160516003706 "update tab1 set final = 999 where name = 'Siu'"
BACKUP second
20160516003706 "drop table tab2"

C:\Users\Ly\Dropbox\SPRING16\CS157B\proj1>rem

C:\Users\Ly\Dropbox\SPRING16\CS157B\proj1>rem 07. Do restore from second without RF, check db.log1 before prune, 

C:\Users\Ly\Dropbox\SPRING16\CS157B\proj1>rem     check tab2 contents 

C:\Users\Ly\Dropbox\SPRING16\CS157B\proj1>rem

C:\Users\Ly\Dropbox\SPRING16\CS157B\proj1>db "create table tab3(c1 int)" 
dbfile.bin size = 192
CREATE TABLE statement
tab3.tab successfully created.

C:\Users\Ly\Dropbox\SPRING16\CS157B\proj1>db "insert into tab3 values(911)" 
dbfile.bin size = 264
INSERT statement
tab3.tab new size = 32

C:\Users\Ly\Dropbox\SPRING16\CS157B\proj1>type db.log 
20160516003704 "create table tab1(name char(16), quizzes int, midterm int, final int)"
20160516003704 "create table tab2(college char(20), zipcode char(5), rank int)"
20160516003704 "insert into tab1 values('Siu', 11, 80, 560)"
20160516003704 "insert into tab1 values('Frank', 22, 100, 700)"
20160516003704 "insert into tab1 values('Jordon', 33, 75, 525)"
20160516003704 "insert into tab2 values('UCLA', '11111', 3)"
20160516003704 "insert into tab2 values('SJSU', '22222', 10)"
20160516003704 "insert into tab2 values('Stanford', '33333', 2)"
BACKUP first
20160516003704 "insert into tab1 values('Jeff', 44, 60, 515)"
20160516003704 "insert into tab2 values('UC Berkley', '44444', 1)"
20160516003705 "insert into tab1 values('Ying', 55, 85, 625)"
20160516003705 "insert into tab2 values('USC', '55555', 4)"
20160516003705 "delete from tab2 where college = 'UCLA'"
20160516003706 "delete from tab2 where college = 'SJSU'"
20160516003706 "update tab1 set final = 999 where name = 'Siu'"
BACKUP second
20160516003706 "drop table tab2"
20160516003706 "create table tab3(c1 int)"
20160516003706 "insert into tab3 values(911)"

C:\Users\Ly\Dropbox\SPRING16\CS157B\proj1>db "restore from second without rf" 
dbfile.bin size = 264
RESTORE FROM statement
2 table(s) restored.

C:\Users\Ly\Dropbox\SPRING16\CS157B\proj1>dir db.log1 
 Volume in drive C is OS
 Volume Serial Number is 0818-9F60

 Directory of C:\Users\Ly\Dropbox\SPRING16\CS157B\proj1

05/16/2016  12:37 AM             1,142 db.log1
               1 File(s)          1,142 bytes
               0 Dir(s)  367,437,172,736 bytes free

C:\Users\Ly\Dropbox\SPRING16\CS157B\proj1>rem tab 3 should be gone from PRUNING without rf 

C:\Users\Ly\Dropbox\SPRING16\CS157B\proj1>type db.log 
20160516003704 "create table tab1(name char(16), quizzes int, midterm int, final int)"
20160516003704 "create table tab2(college char(20), zipcode char(5), rank int)"
20160516003704 "insert into tab1 values('Siu', 11, 80, 560)"
20160516003704 "insert into tab1 values('Frank', 22, 100, 700)"
20160516003704 "insert into tab1 values('Jordon', 33, 75, 525)"
20160516003704 "insert into tab2 values('UCLA', '11111', 3)"
20160516003704 "insert into tab2 values('SJSU', '22222', 10)"
20160516003704 "insert into tab2 values('Stanford', '33333', 2)"
BACKUP first
20160516003704 "insert into tab1 values('Jeff', 44, 60, 515)"
20160516003704 "insert into tab2 values('UC Berkley', '44444', 1)"
20160516003705 "insert into tab1 values('Ying', 55, 85, 625)"
20160516003705 "insert into tab2 values('USC', '55555', 4)"
20160516003705 "delete from tab2 where college = 'UCLA'"
20160516003706 "delete from tab2 where college = 'SJSU'"
20160516003706 "update tab1 set final = 999 where name = 'Siu'"
BACKUP second

C:\Users\Ly\Dropbox\SPRING16\CS157B\proj1>db "select * from tab2" 
dbfile.bin size = 336
SELECT statement
+--------------------+-------+-----------+
|college             |zipcode|rank       |
+--------------------+-------+-----------+
|USC                 |55555  |          4|
|UC Berkley          |44444  |          1|
|Stanford            |33333  |          2|
+--------------------+-------+-----------+
3 row(s) selected.

C:\Users\Ly\Dropbox\SPRING16\CS157B\proj1>rem

C:\Users\Ly\Dropbox\SPRING16\CS157B\proj1>rem 08. restore from fisrt, check tab1 & tab2 contents 

C:\Users\Ly\Dropbox\SPRING16\CS157B\proj1>rem

C:\Users\Ly\Dropbox\SPRING16\CS157B\proj1>db "restore from first" 
dbfile.bin size = 336
RESTORE FROM statement
2 table(s) restored.

C:\Users\Ly\Dropbox\SPRING16\CS157B\proj1>db "select * from tab1" 
dbfile.bin size = 336
SELECT statement
+----------------+-----------+-----------+-----------+
|name            |quizzes    |midterm    |final      |
+----------------+-----------+-----------+-----------+
|Siu             |         11|         80|        560|
|Frank           |         22|        100|        700|
|Jordon          |         33|         75|        525|
+----------------+-----------+-----------+-----------+
3 row(s) selected.

C:\Users\Ly\Dropbox\SPRING16\CS157B\proj1>db "select * from tab2" 
dbfile.bin size = 336
SELECT statement
+--------------------+-------+-----------+
|college             |zipcode|rank       |
+--------------------+-------+-----------+
|UCLA                |11111  |          3|
|SJSU                |22222  |         10|
|Stanford            |33333  |          2|
+--------------------+-------+-----------+
3 row(s) selected.

C:\Users\Ly\Dropbox\SPRING16\CS157B\proj1>type db.log 
20160516003704 "create table tab1(name char(16), quizzes int, midterm int, final int)"
20160516003704 "create table tab2(college char(20), zipcode char(5), rank int)"
20160516003704 "insert into tab1 values('Siu', 11, 80, 560)"
20160516003704 "insert into tab1 values('Frank', 22, 100, 700)"
20160516003704 "insert into tab1 values('Jordon', 33, 75, 525)"
20160516003704 "insert into tab2 values('UCLA', '11111', 3)"
20160516003704 "insert into tab2 values('SJSU', '22222', 10)"
20160516003704 "insert into tab2 values('Stanford', '33333', 2)"
BACKUP first
RF_START
20160516003704 "insert into tab1 values('Jeff', 44, 60, 515)"
20160516003704 "insert into tab2 values('UC Berkley', '44444', 1)"
20160516003705 "insert into tab1 values('Ying', 55, 85, 625)"
20160516003705 "insert into tab2 values('USC', '55555', 4)"
20160516003705 "delete from tab2 where college = 'UCLA'"
20160516003706 "delete from tab2 where college = 'SJSU'"
20160516003706 "update tab1 set final = 999 where name = 'Siu'"
BACKUP second

C:\Users\Ly\Dropbox\SPRING16\CS157B\proj1>rem

C:\Users\Ly\Dropbox\SPRING16\CS157B\proj1>rem 09. Do rollforward to timestamp  -  Manual step from a different window 

C:\Users\Ly\Dropbox\SPRING16\CS157B\proj1>rem In this case the timestamp is between the deletion of the 1st the 2nd row from tab2 e.g. db "rollforward to 20030531123030" 

C:\Users\Ly\Dropbox\SPRING16\CS157B\proj1>pause
Press any key to continue . . . 

C:\Users\Ly\Dropbox\SPRING16\CS157B\proj1>rem

C:\Users\Ly\Dropbox\SPRING16\CS157B\proj1>rem 10. Copy the db.log to db.log3, copy db.log1 to db.log, restore from second, 

C:\Users\Ly\Dropbox\SPRING16\CS157B\proj1>rem     rollforward, verify tab2 is dropped again. 

C:\Users\Ly\Dropbox\SPRING16\CS157B\proj1>rem

C:\Users\Ly\Dropbox\SPRING16\CS157B\proj1>copy db.log db.log3 
        1 file(s) copied.

C:\Users\Ly\Dropbox\SPRING16\CS157B\proj1>copy db.log1 db.log 
        1 file(s) copied.

C:\Users\Ly\Dropbox\SPRING16\CS157B\proj1>db "restore from second" 
dbfile.bin size = 336
RESTORE FROM statement
2 table(s) restored.

C:\Users\Ly\Dropbox\SPRING16\CS157B\proj1>pause
Press any key to continue . . . 

C:\Users\Ly\Dropbox\SPRING16\CS157B\proj1>db "rollforward" 
dbfile.bin size = 336
ROLLFORWARD statement
DROP TABLE statement
DROP TABLE tab2 successful
CREATE TABLE statement
tab3.tab successfully created.
INSERT statement
tab3.tab new size = 32
3 query/queries executed.

C:\Users\Ly\Dropbox\SPRING16\CS157B\proj1>pause
Press any key to continue . . . 

C:\Users\Ly\Dropbox\SPRING16\CS157B\proj1>dir tab2.tab 
 Volume in drive C is OS
 Volume Serial Number is 0818-9F60

 Directory of C:\Users\Ly\Dropbox\SPRING16\CS157B\proj1


C:\Users\Ly\Dropbox\SPRING16\CS157B\proj1>rem

C:\Users\Ly\Dropbox\SPRING16\CS157B\proj1>rem 11 - 13. Errors - dupicate backup image name, bad image name, bad timestamp, wrong state 

C:\Users\Ly\Dropbox\SPRING16\CS157B\proj1>rem

C:\Users\Ly\Dropbox\SPRING16\CS157B\proj1>db "backup to third" 
dbfile.bin size = 264
BACKUP TO statement
2 table(s) backed up.

C:\Users\Ly\Dropbox\SPRING16\CS157B\proj1>db "backup to third" 
dbfile.bin size = 264
BACKUP TO statement
Image file third already exists in the directory.

C:\Users\Ly\Dropbox\SPRING16\CS157B\proj1>db "restore from nothing" 
dbfile.bin size = 264
RESTORE FROM statement
Invalid image file name.

C:\Users\Ly\Dropbox\SPRING16\CS157B\proj1>db "insert into tab1 values('new', 55, 85, 625)" 
dbfile.bin size = 264
INSERT statement
tab1.tab new size = 216

C:\Users\Ly\Dropbox\SPRING16\CS157B\proj1>db "rollforward" 
dbfile.bin size = 264
ERROR: RF_START missing cannot rollforward.

C:\Users\Ly\Dropbox\SPRING16\CS157B\proj1>db "restore from third" 
dbfile.bin size = 264
RESTORE FROM statement
2 table(s) restored.

C:\Users\Ly\Dropbox\SPRING16\CS157B\proj1>db "rollforward to 20030531123030" 
dbfile.bin size = 264
ROLLFORWARD statement
ERROR: Timestamp provided is before any entry after RF_START

C:\Users\Ly\Dropbox\SPRING16\CS157B\proj1>db "rollforward" 
dbfile.bin size = 264
ROLLFORWARD statement
INSERT statement
tab1.tab new size = 216
1 query/queries executed.

C:\Users\Ly\Dropbox\SPRING16\CS157B\proj1>db "select * from tab1" 
dbfile.bin size = 264
SELECT statement
+----------------+-----------+-----------+-----------+
|name            |quizzes    |midterm    |final      |
+----------------+-----------+-----------+-----------+
|Siu             |         11|         80|        999|
|Frank           |         22|        100|        700|
|Jordon          |         33|         75|        525|
|Jeff            |         44|         60|        515|
|Ying            |         55|         85|        625|
|new             |         55|         85|        625|
+----------------+-----------+-----------+-----------+
6 row(s) selected.

C:\Users\Ly\Dropbox\SPRING16\CS157B\proj1>rem

C:\Users\Ly\Dropbox\SPRING16\CS157B\proj1>rem End of test1.bat 

C:\Users\Ly\Dropbox\SPRING16\CS157B\proj1>rem
